// Jest Snapshot v1, https://goo.gl/fbAQLP

exports[`Header Should renders Header component 1`] = `
<div>
  <header
    class="sc-hKFxyN htvvhm"
  >
    <div
      class="sc-pNWdM irvinq"
    >
      <picture>
        <source
          media="(max-width: 576px)"
          srcset="mobile-icon.png"
        />
        <img
          alt="Pied Piper logo"
          class="sc-fujyAs etwTAe margin-x"
          src="logo-desktop.png"
        />
      </picture>
      <form
        class="sc-eCApnc hxlghG margin-x"
      >
        <input
          class="sc-jSFjdj gtkCkS"
          placeholder="Search"
          type="text"
        />
        <button
          aria-label="search"
          class="sc-gKAaRy eDoPBP"
          type="submit"
        >
          <img
            alt="loupe icon"
            src="search_white.svg"
          />
        </button>
      </form>
    </div>
    <div
      class="sc-pNWdM irvinq nav hide-mobile"
    >
      <div
        class="margin-x hide-mobile"
      >
        <label
          class="sc-bdnxRM fzaqfv switch"
          for="switch-dark-mode"
          role="switch"
        >
          <input
            class="sc-gtsrHT flAbm"
            id="switch-dark-mode"
            role="button"
            type="checkbox"
          />
          <span
            class="sc-dlnjwi dSfqLy"
          />
        </label>
      </div>
      <figure
        class="margin-x"
      >
        <img
          alt="current user avatar"
          class="sc-iCoGMd bfUTmf"
          src="undraw_female_avatar.svg"
        />
      </figure>
    </div>
  </header>
</div>
`;
